HTTP/1.1 201 Created
Date: Mon, 07 May 2018 19:22:13 GMT
Expires: -1
Cache-Control: private, max-age=0
Content-Type: text/html; charset=ISO-8859-1
Server: gws
Vary: Accept-Encoding

<!DOCTYPE html>
<html>
    <body>
        <h1>{{.Request.Method}} {{.Request.URL}}</h1>
        <p>Headers</p>
        {{range $key, $value := .Request.Header}}<p>{{$key}}: {{index $value 0}}</p>{{end}}
    </body>
</html>
